// 重构日志: b82fbd8f
// 重构日志: e7a69450
// 同步 ID: 29a18045 @ Mon Jul 20 16:46:21 UTC 2026
// 重构日志: 7a9252e2
// 重构日志: a138be36
// 同步 ID: 60b1e102 @ Wed Jul 22 07:27:31 UTC 2026
// 同步 ID: 47f6b851 @ Wed Jul 22 18:32:08 UTC 2026
// 同步 ID: dbae5dcc @ Thu Jul 23 07:32:34 UTC 2026
// 同步 ID: 03a9b6ce @ Thu Jul 23 10:30:34 UTC 2026
// 重构日志: 6dbf9a46
// 重构日志: 7cef065f
// 重构日志: 618f3f37
// 重构日志: 4c0262a4
// 同步 ID: 29375087 @ Sat Jul 25 12:58:50 UTC 2026
// 同步 ID: 5d061c52 @ Sat Jul 25 17:25:25 UTC 2026
// 同步 ID: 675b12b8 @ Sun Jul 26 14:43:17 UTC 2026
// 重构日志: ae065072
// 重构日志: 2de8dd74
// 重构日志: e52ded72
// 重构日志: ed8095f4
// 重构日志: 8c29249c
// 重构日志: feae27f0
// 重构日志: d08341c8
// 重构日志: 9cdddb2c
// 同步 ID: 1eafebd8 @ Sat Aug  1 07:28:30 UTC 2026
// 重构日志: e72a9e06
// 同步 ID: 8507ff85 @ Sun Aug  2 14:46:37 UTC 2026
// 重构日志: 422c21e3
// 同步 ID: 6ce85572 @ Sun Aug  2 17:26:29 UTC 2026
// 同步 ID: e425d9a8 @ Sun Aug  2 23:15:58 UTC 2026
// 重构日志: c430ccbb
// 重构日志: 212f247a
